// Jest Snapshot v1, https://goo.gl/fbAQLP

exports[`should render 1`] = `
<DocumentFragment>
  <button
    class="btn "
    type="button"
  >
    hello
  </button>
</DocumentFragment>
`;
